Tagging registry:5000/trust-pull@sha256:641b95ddb2ea9dc2af1a0113b6b348ebc20872ba615204fbe12148e98fd6f23d as registry:5000/trust-pull:latest
