IMAGE               CREATED                  CREATED BY          SIZE                COMMENT
123456789012        Less than a second ago                       0B                  
