Will Delete Images:
untagged: image1

Estimated reclaimable space: 2B
