Deleted Images:
deleted: image1

Total reclaimed space: 1B
