{
	"Ref": "example.com/alpine:3.0",
	"Descriptor": {
		"mediaType": "application/vnd.docker.distribution.manifest.v2+json",
		"digest": "sha256:1072e499f3f655a032e88542330cf75b02e7bdf673278f701d7ba61629ee3ebe",
		"size": 528,
		"platform": {
			"architecture": "arm",
			"os": "freebsd",
			"os.features": [
				"feature1"
			],
			"variant": "v7"
		}
	},
	"SchemaV2Manifest": {
		"schemaVersion": 2,
		"mediaType": "application/vnd.docker.distribution.manifest.v2+json",
		"config": {
			"mediaType": "application/vnd.docker.container.image.v1+json",
			"size": 1520,
			"digest": "sha256:7328f6f8b41890597575cbaadc884e7386ae0acc53b747401ebce5cf0d624560"
		},
		"layers": [
			{
				"mediaType": "application/vnd.docker.image.rootfs.diff.tar.gzip",
				"size": 1990402,
				"digest": "sha256:88286f41530e93dffd4b964e1db22ce4939fffa4a4c665dab8591fbab03d4926"
			}
		]
	}
}
