
Usage:	docker helloworld goodbye

Say Goodbye instead of Hello
