"context1"
"context2"
"context3"
"current"
"default"
