{"ID":"EKHL:QDUU:QZ7U:MKGD:VDXK:S27Q:GIPU:24B7:R7VT:DGN6:QCSF:2UBX","Containers":0,"ContainersRunning":0,"ContainersPaused":0,"ContainersStopped":0,"Images":0,"Driver":"aufs","DriverStatus":[["Root Dir","/var/lib/docker/aufs"],["Backing Filesystem","extfs"],["Dirs","0"],["Dirperm1 Supported","true"]],"SystemStatus":null,"Plugins":{"Volume":["local"],"Network":["bridge","host","macvlan","null","overlay"],"Authorization":null,"Log":["awslogs","fluentd","gcplogs","gelf","journald","json-file","logentries","splunk","syslog"]},"MemoryLimit":true,"SwapLimit":true,"KernelMemory":true,"KernelMemoryTCP":false,"CpuCfsPeriod":true,"CpuCfsQuota":true,"CPUShares":true,"CPUSet":true,"PidsLimit":false,"IPv4Forwarding":true,"BridgeNfIptables":true,"BridgeNfIp6tables":true,"Debug":true,"NFd":33,"OomKillDisable":true,"NGoroutines":135,"SystemTime":"2017-08-24T17:44:34.077811894Z","LoggingDriver":"json-file","CgroupDriver":"cgroupfs","NEventsListener":0,"KernelVersion":"4.4.0-87-generic","OperatingSystem":"Ubuntu 16.04.3 LTS","OSType":"linux","Architecture":"x86_64","IndexServerAddress":"https://index.docker.io/v1/","RegistryConfig":{"AllowNondistributableArtifactsCIDRs":null,"AllowNondistributableArtifactsHostnames":null,"InsecureRegistryCIDRs":["127.0.0.0/8"],"IndexConfigs":{"docker.io":{"Name":"docker.io","Mirrors":null,"Secure":true,"Official":true}},"Mirrors":null},"NCPU":2,"MemTotal":2097356800,"GenericResources":null,"DockerRootDir":"/var/lib/docker","HttpProxy":"","HttpsProxy":"","NoProxy":"","Name":"system-sample","Labels":["provider=digitalocean"],"ExperimentalBuild":false,"ServerVersion":"17.06.1-ce","ClusterStore":"","ClusterAdvertise":"","Runtimes":{"runc":{"path":"docker-runc"}},"DefaultRuntime":"runc","Swarm":{"NodeID":"qo2dfdig9mmxqkawulggepdih","NodeAddr":"165.227.107.89","LocalNodeState":"active","ControlAvailable":true,"Error":"","RemoteManagers":[{"NodeID":"qo2dfdig9mmxqkawulggepdih","Addr":"165.227.107.89:2377"}],"Nodes":1,"Managers":1,"Cluster":{"ID":"9vs5ygs0gguyyec4iqf2314c0","Version":{"Index":11},"CreatedAt":"2017-08-24T17:34:19.278062352Z","UpdatedAt":"2017-08-24T17:34:42.398815481Z","Spec":{"Name":"default","Labels":null,"Orchestration":{"TaskHistoryRetentionLimit":5},"Raft":{"SnapshotInterval":10000,"KeepOldSnapshots":0,"LogEntriesForSlowFollowers":500,"ElectionTick":3,"HeartbeatTick":1},"Dispatcher":{"HeartbeatPeriod":5000000000},"CAConfig":{"NodeCertExpiry":7776000000000000},"TaskDefaults":{},"EncryptionConfig":{"AutoLockManagers":true}},"TLSInfo":{"TrustRoot":"\n-----BEGIN CERTIFICATE-----\nMIIBajCCARCgAwIBAgIUaFCW5xsq8eyiJ+Pmcv3MCflMLnMwCgYIKoZIzj0EAwIw\nEzERMA8GA1UEAxMIc3dhcm0tY2EwHhcNMTcwODI0MTcyOTAwWhcNMzcwODE5MTcy\nOTAwWjATMREwDwYDVQQDEwhzd2FybS1jYTBZMBMGByqGSM49AgEGCCqGSM49AwEH\nA0IABDy7NebyUJyUjWJDBUdnZoV6GBxEGKO4TZPNDwnxDxJcUdLVaB7WGa4/DLrW\nUfsVgh1JGik2VTiLuTMA1tLlNPOjQjBAMA4GA1UdDwEB/wQEAwIBBjAPBgNVHRMB\nAf8EBTADAQH/MB0GA1UdDgQWBBQl16XFtaaXiUAwEuJptJlDjfKskDAKBggqhkjO\nPQQDAgNIADBFAiEAo9fTQNM5DP9bHVcTJYfl2Cay1bFu1E+lnpmN+EYJfeACIGKH\n1pCUkZ+D0IB6CiEZGWSHyLuXPM1rlP+I5KuS7sB8\n-----END CERTIFICATE-----\n","CertIssuerSubject":"MBMxETAPBgNVBAMTCHN3YXJtLWNh","CertIssuerPublicKey":"MFkwEwYHKoZIzj0CAQYIKoZIzj0DAQcDQgAEPLs15vJQnJSNYkMFR2dmhXoYHEQYo7hNk80PCfEPElxR0tVoHtYZrj8MutZR+xWCHUkaKTZVOIu5MwDW0uU08w=="},"RootRotationInProgress":false,"DefaultAddrPool":null,"SubnetSize":0,"DataPathPort":0}},"LiveRestoreEnabled":false,"Isolation":"","InitBinary":"docker-init","ContainerdCommit":{"ID":"6e23458c129b551d5c9871e5174f6b1b7f6d1170","Expected":"6e23458c129b551d5c9871e5174f6b1b7f6d1170"},"RuncCommit":{"ID":"810190ceaa507aa2727d7ae6f4790c76ec150bd2","Expected":"810190ceaa507aa2727d7ae6f4790c76ec150bd2"},"InitCommit":{"ID":"949e6fa","Expected":"949e6fa"},"SecurityOptions":["name=apparmor","name=seccomp,profile=default"],"Warnings":null,"ClientInfo":{"Debug":false,"Plugins":[],"Warnings":null}}
