Client:
ERROR: a client error occurred

Server:
ERROR: a server error occurred
