ERROR: a client error occurred
ERROR: a server error occurred
