License: Quantity: 1 Nodes	Expiration date: 2018-03-18	Expired! You will no longer receive updates. Please renew at https://docker.com/licensing
