Looking for existing licenses for ...
NUM                 OWNER               PRODUCT ID          EXPIRES                         PRICING COMPONENTS
0                                                           2010-01-01 00:00:00 +0000 UTC   
