80/tcp -> 0.0.0.0:3456
80/tcp -> [::]:3456
443/tcp -> 0.0.0.0:4567
443/tcp -> [::]:4567
443/udp -> 0.0.0.0:5678
443/udp -> [::]:5678
