WARNING: warning from daemon
WARNING: another warning from daemon
