WARNING: Localhost DNS setting (--dns=127.0.0.11) may fail in containers.
