c1 busybox:latest some.label=value
c2 busybox:latest foo=bar
