NETWORK ID          NAME                DRIVER              SCOPE               PENDING DELETION?
123454321           network_1           09.7.01             global              false
