Will Delete Volumes:
foo
bar
baz

Estimated reclaimable space: 2kB
