Total volumes deleted: 0
Total reclaimed space: 0B
