WARNING! This will remove all local volumes not used by at least one container.
Are you sure you want to continue? [y/N] Deleted Volumes:
foo
bar
baz

Total reclaimed space: 2kB
