Deleted Volumes:
foo
bar
baz

Total volumes deleted: 3
Total reclaimed space: 2kB
