
Signatures for signed-repo:green

SIGNED TAG          DIGEST                     SIGNERS
green               677265656e2d646967657374   (Repo Admin)

Administrative keys for signed-repo:green

  Repository Key:	targetsID
  Root Key:	rootID
