Please confirm you would like to delete all signature data for example/trust-demo? [y/N] 
