[
    {
        "Name": "signed-repo:green",
        "SignedTags": [
            {
                "SignedTag": "green",
                "Digest": "677265656e2d646967657374",
                "Signers": [
                    "Repo Admin"
                ]
            }
        ],
        "Signers": [],
        "AdministrativeKeys": [
            {
                "Name": "Root",
                "Keys": [
                    {
                        "ID": "rootID"
                    }
                ]
            },
            {
                "Name": "Repository",
                "Keys": [
                    {
                        "ID": "targetsID"
                    }
                ]
            }
        ]
    }
]
